#float:123.456
#float:0.456
#float:.456
#float:456.
#float:0.
#float:.0
#float:+123.456
#float:+0.456
#float:+.456
#float:+456.
#float:+0.
#float:+.0
#float:-123.456
#float:-0.456
#float:-.456
#float:-456.
#float:-0.
#float:-.0
